"{\n    \"name\": \"John Doe\",\n    \"age\": 30,\n    \"isEmployed\": true,\n    \"phoneNumbers\": [\n        \"123-456-7890\",\n        \"987-654-3210\"\n    ]\n}\n"
